// Jest Snapshot v1, https://goo.gl/fbAQLP

exports[`should render correctly 1`] = `
<ul>
  <li>
    <Link
      to="/"
    >
      Home
    </Link>
  </li>
  <li>
    <Link
      to="/about"
    >
      Services
    </Link>
  </li>
  <li>
    <Link
      to="/topics"
    >
      Contact Us
    </Link>
  </li>
  <li>
    <Link
      to="/topics"
    >
      Login
    </Link>
  </li>
</ul>
`;
